// Jest Snapshot v1, https://goo.gl/fbAQLP

exports[`Dirty Little Grid Test Renders Grid 1`] = `
<DocumentFragment>
  .c0 {
  display: -webkit-box;
  display: -webkit-flex;
  display: -ms-flexbox;
  display: flex;
  -webkit-flex-flow: column wrap;
  -ms-flex-flow: column wrap;
  flex-flow: column wrap;
  padding: 0 1rem;
  width: 88%;
  margin: 0 auto;
  max-width: 140rem;
}

.c1 {
  display: -webkit-box;
  display: -webkit-flex;
  display: -ms-flexbox;
  display: flex;
  margin-bottom: 2rem;
}

.c2 {
  display: -webkit-box;
  display: -webkit-flex;
  display: -ms-flexbox;
  display: flex;
  -webkit-box-flex: 1;
  -webkit-flex-grow: 1;
  -ms-flex-positive: 1;
  flex-grow: 1;
  background-color: grey;
}

<main
    class="c0"
  >
    <div
      class="c1"
    >
      <div
        class="c2"
      >
        1
      </div>
      <div
        class="c2"
      >
        2
      </div>
      <div
        class="c2"
      >
        3
      </div>
    </div>
    <div
      class="c1"
    >
      <div
        class="c2"
      >
        4
      </div>
      <div
        class="c2"
      >
        5
      </div>
      <div
        class="c2"
      >
        6
      </div>
    </div>
  </main>
</DocumentFragment>
`;
