// Jest Snapshot v1, https://goo.gl/fbAQLP

exports[`Title should render the Title Component correctly 1`] = `
<Title__H1>
  Test Title
</Title__H1>
`;
